ID                                    NAME            TYPE       STATUS_CODE  STATUS_DESCRIPTION  CREATED_AT                            
01930365-4d46-7a09-a503-b932714f85af  2Real           commodity  ACTIVE       Teste asset 1       2024-11-06 21:33:10.854653 +0000 UTC  
01930219-2c25-7a37-a5b9-610d44ae0a27  Brazilian Real  currency   ACTIVE       Teste asset 1       2024-11-06 15:30:24.421664 +0000 UTC  
